finding.Summary{
	Counts: map[types.FindingSeverity]finding.SeverityCount{
		types.FindingSeverity("CRITICAL"): {Included: 1},
		types.FindingSeverity("HIGH"):     {Included: 3},
	},
	Details: []finding.Detail{
		{
			Name:     "CVE-2019-5188",
			Severity: types.FindingSeverity("HIGH"),
			CVSS2: finding.CVSSScore{
				Score: &decimal.Decimal{
					value: &big.Int{
						abs: big.nat{big.Word(12)},
					},
					exp: -1,
				},
				Vector:    "AV:L/AC:L/Au:N/C:P/I:P/A:P",
				VectorURL: "https://nvd.nist.gov/vuln-metrics/cvss/v2-calculator?vector=%28AV%3AL%2FAC%3AL%2FAu%3AN%2FC%3AP%2FI%3AP%2FA%3AP%29",
			},
		},
		{
			Name:     "INVALID-CVE",
			Severity: types.FindingSeverity("CRITICAL"),
		},
		{
			Name:     "CVE-2019-5189",
			Severity: types.FindingSeverity("HIGH"),
			CVSS2:    finding.CVSSScore{Score: &decimal.Decimal{value: &big.Int{abs: big.nat{big.Word(6)}}}},
		},
		{
			Name:     "CVE-2019-5189",
			Severity: types.FindingSeverity("HIGH"),
			CVSS3: finding.CVSSScore{
				Score:     &decimal.Decimal{value: &big.Int{abs: big.nat{big.Word(9)}}},
				Vector:    "AV:N/AC:L/PR:N/UI:N/S:U/C:H/I:H/A:N",
				VectorURL: "https://nvd.nist.gov/vuln-metrics/cvss/v3-calculator?vector=AV%3AN%2FAC%3AL%2FPR%3AN%2FUI%3AN%2FS%3AU%2FC%3AH%2FI%3AH%2FA%3AN&version=3.1",
			},
		},
	},
	Ignored: []finding.Detail{},
}
