finding.Summary{
	Counts: map[types.FindingSeverity]finding.SeverityCount{
		types.FindingSeverity("CRITICAL"): {Included: 1},
		types.FindingSeverity("HIGH"):     {Included: 2},
	},
	Details: []finding.Detail{
		{
			Name:     "CVE-2019-5188",
			URI:      "https://www.cve.org/CVERecord?id=CVE-2019-5188",
			Severity: types.FindingSeverity("HIGH"),
		},
		{
			Name:     "INVALID-CVE",
			URI:      "https://github.com/advisories?query=INVALID-CVE",
			Severity: types.FindingSeverity("CRITICAL"),
		},
		{
			Name:     "CVE-2019-5189",
			URI:      "https://notamitre.org.site/search?name=CVE-2019-5189",
			Severity: types.FindingSeverity("HIGH"),
		},
	},
	Ignored: []finding.Detail{},
}
