`



<h4>Vulnerability summary for "label of image"</h4>
<p class="h6 regular italic">test-repo:digest-value</p>


<dl class="flex flex-wrap mxn1">




<div class="m1 p1 mr3">
<dt>Critical</dt>
<dd><h1 class="m0 red">1</h1>
</dd>
</div>



<div class="m1 p1 mr3">
<dt>High</dt>
<dd><h1 class="m0 red">1</h1>
</dd>
</div>



<div class="m1 p1 mr3">
<dt>Aa-Bogus-Severity</dt>
<dd><h1 class="m0">1</h1>
</dd>
</div>

</dl>


<details>
<summary>Vulnerability details</summary>
<div>
<table>
<tr>
<th>CVE</th>
<th>Severity</th>
<th>Effects</th>
<th>CVSS score</th>
<th>Vector</th>
</tr>


<tr>
<td><a href="http://people.ubuntu.com/~ubuntu-security/cve/CVE-2019-5188">CVE-2019-5188</a></td>
<td>High</td>
<td>e2fsprogs 1.44.1-1ubuntu1.1</td>
<td>4.6</td>
<td><a href="https://nvd.nist.gov/vuln-metrics/cvss/v2-calculator?vector=(AV%3aL%2fAC%3aL%2fAu%3aN%2fC%3aP%2fI%3aP%2fA%3aP)">AV:L/AC:L/Au:N/C:P/I:P/A:P</a></td>
</tr>

</table>
</div>
</details>

<p class="p1">
<i>scan completed: <span title="&lt;nil&gt;"></span></i> |
<i>source updated: <span title="&lt;nil&gt;"></span></i>
</p>
`
